<?xml version="1.0" encoding="UTF-8"?>
<TestRun id="c5a5618b-e7aa-46c3-a503-1dc3235107ff" name="Simon@SIMON-AIR 2015-06-12 23:27:25" runUser="Simon-Air\Simon" xmlns="http://microsoft.com/schemas/VisualStudio/TeamTest/2010">
  <TestSettings name="Local" id="570a3b39-6f51-4ed4-82b1-e463b08616bd">
    <Description>These are default test settings for a local test run.</Description>
    <Deployment enabled="false" runDeploymentRoot="Simon_SIMON-AIR 2015-06-12 23_27_25">
      <DeploymentItem filename="C:\Users\Simon\Documents\Visual Studio 2010\Projects\SlutPriser\SlutPriser\bin\Debug\SlutPriser.exe" />
    </Deployment>
    <Execution>
      <TestTypeSpecific />
      <AgentRule name="Execution Agents">
      </AgentRule>
    </Execution>
  </TestSettings>
  <Times creation="2015-06-12T23:27:25.3693965+02:00" queuing="2015-06-12T23:27:26.5634648+02:00" start="2015-06-12T23:27:26.6834716+02:00" finish="2015-06-12T23:30:07.2986325+02:00" />
  <ResultSummary outcome="Error">
    <Counters total="1" executed="1" error="0" failed="0" timeout="0" aborted="1" inconclusive="0" passedButRunAborted="0" notRunnable="0" notExecuted="0" disconnected="0" warning="0" passed="0" completed="0" inProgress="0" pending="0" />
    <RunInfos>
      <RunInfo computerName="SIMON-AIR" outcome="Error" timestamp="2015-06-12T23:30:07.2986325+02:00">
        <Text>Test host process exited unexpectedly.</Text>
      </RunInfo>
    </RunInfos>
  </ResultSummary>
  <TestDefinitions>
    <UnitTest name="TestMethod1" storage="c:\users\simon\documents\visual studio 2010\projects\slutpriser\slutprisertest\bin\debug\slutprisertest.dll" id="f87351ee-880a-f384-2e0d-b543204d0d2a">
      <Execution id="10fc5367-cb2e-4aed-a0ef-d4170e364ce5" />
      <TestMethod codeBase="C:/Users/Simon/documents/visual studio 2010/Projects/SlutPriser/SlutPriserTest/bin/Debug/SlutPriserTest.DLL" adapterTypeName="Microsoft.VisualStudio.TestTools.TestTypes.Unit.UnitTestAdapter, Microsoft.VisualStudio.QualityTools.Tips.UnitTest.Adapter, Version=10.0.0.0, Culture=neutral, PublicKeyToken=b03f5f7f11d50a3a" className="SlutPriserTest.UnitTest1, SlutPriserTest, Version=1.0.0.0, Culture=neutral, PublicKeyToken=null" name="TestMethod1" />
    </UnitTest>
  </TestDefinitions>
  <TestLists>
    <TestList name="Results Not in a List" id="8c84fa94-04c1-424b-9868-57a2d4851a1d" />
    <TestList name="All Loaded Results" id="19431567-8539-422a-85d7-44ee4e166bda" />
  </TestLists>
  <TestEntries>
    <TestEntry testId="f87351ee-880a-f384-2e0d-b543204d0d2a" executionId="10fc5367-cb2e-4aed-a0ef-d4170e364ce5" testListId="8c84fa94-04c1-424b-9868-57a2d4851a1d" />
  </TestEntries>
  <Results>
    <UnitTestResult executionId="10fc5367-cb2e-4aed-a0ef-d4170e364ce5" testId="f87351ee-880a-f384-2e0d-b543204d0d2a" testName="TestMethod1" computerName="SIMON-AIR" duration="00:02:40.4981542" startTime="2015-06-12T23:27:26.8004783+02:00" endTime="2015-06-12T23:30:07.2986325+02:00" testType="13cdc9d9-ddb5-4fa4-a97d-d965ccfc6d4b" outcome="Aborted" testListId="8c84fa94-04c1-424b-9868-57a2d4851a1d" relativeResultsDirectory="10fc5367-cb2e-4aed-a0ef-d4170e364ce5">
    </UnitTestResult>
  </Results>
</TestRun>